Archive member included to satisfy reference by file (symbol)

c:/st/stm32cubeide_1.0.0/stm32cubeide/plugins/com.st.stm32cube.ide.mcu.externaltools.gnu-tools-for-stm32.7-2018-q2-update.win32_1.0.0.201904181610/tools/bin/../lib/gcc/arm-none-eabi/7.3.1/../../../../arm-none-eabi/lib/thumb/v7-m\libc_nano.a(lib_a-errno.o)
                              Src/syscalls.o (__errno)
c:/st/stm32cubeide_1.0.0/stm32cubeide/plugins/com.st.stm32cube.ide.mcu.externaltools.gnu-tools-for-stm32.7-2018-q2-update.win32_1.0.0.201904181610/tools/bin/../lib/gcc/arm-none-eabi/7.3.1/../../../../arm-none-eabi/lib/thumb/v7-m\libc_nano.a(lib_a-exit.o)
                              c:/st/stm32cubeide_1.0.0/stm32cubeide/plugins/com.st.stm32cube.ide.mcu.externaltools.gnu-tools-for-stm32.7-2018-q2-update.win32_1.0.0.201904181610/tools/bin/../lib/gcc/arm-none-eabi/7.3.1/../../../../arm-none-eabi/lib/thumb/v7-m/crt0.o (exit)
c:/st/stm32cubeide_1.0.0/stm32cubeide/plugins/com.st.stm32cube.ide.mcu.externaltools.gnu-tools-for-stm32.7-2018-q2-update.win32_1.0.0.201904181610/tools/bin/../lib/gcc/arm-none-eabi/7.3.1/../../../../arm-none-eabi/lib/thumb/v7-m\libc_nano.a(lib_a-impure.o)
                              c:/st/stm32cubeide_1.0.0/stm32cubeide/plugins/com.st.stm32cube.ide.mcu.externaltools.gnu-tools-for-stm32.7-2018-q2-update.win32_1.0.0.201904181610/tools/bin/../lib/gcc/arm-none-eabi/7.3.1/../../../../arm-none-eabi/lib/thumb/v7-m\libc_nano.a(lib_a-exit.o) (_global_impure_ptr)
c:/st/stm32cubeide_1.0.0/stm32cubeide/plugins/com.st.stm32cube.ide.mcu.externaltools.gnu-tools-for-stm32.7-2018-q2-update.win32_1.0.0.201904181610/tools/bin/../lib/gcc/arm-none-eabi/7.3.1/../../../../arm-none-eabi/lib/thumb/v7-m\libc_nano.a(lib_a-init.o)
                              c:/st/stm32cubeide_1.0.0/stm32cubeide/plugins/com.st.stm32cube.ide.mcu.externaltools.gnu-tools-for-stm32.7-2018-q2-update.win32_1.0.0.201904181610/tools/bin/../lib/gcc/arm-none-eabi/7.3.1/../../../../arm-none-eabi/lib/thumb/v7-m/crt0.o (__libc_init_array)
c:/st/stm32cubeide_1.0.0/stm32cubeide/plugins/com.st.stm32cube.ide.mcu.externaltools.gnu-tools-for-stm32.7-2018-q2-update.win32_1.0.0.201904181610/tools/bin/../lib/gcc/arm-none-eabi/7.3.1/../../../../arm-none-eabi/lib/thumb/v7-m\libc_nano.a(lib_a-memcpy-stub.o)
                              Src/ser1.o (memcpy)
c:/st/stm32cubeide_1.0.0/stm32cubeide/plugins/com.st.stm32cube.ide.mcu.externaltools.gnu-tools-for-stm32.7-2018-q2-update.win32_1.0.0.201904181610/tools/bin/../lib/gcc/arm-none-eabi/7.3.1/../../../../arm-none-eabi/lib/thumb/v7-m\libc_nano.a(lib_a-memset.o)
                              c:/st/stm32cubeide_1.0.0/stm32cubeide/plugins/com.st.stm32cube.ide.mcu.externaltools.gnu-tools-for-stm32.7-2018-q2-update.win32_1.0.0.201904181610/tools/bin/../lib/gcc/arm-none-eabi/7.3.1/../../../../arm-none-eabi/lib/thumb/v7-m/crt0.o (memset)
c:/st/stm32cubeide_1.0.0/stm32cubeide/plugins/com.st.stm32cube.ide.mcu.externaltools.gnu-tools-for-stm32.7-2018-q2-update.win32_1.0.0.201904181610/tools/bin/../lib/gcc/arm-none-eabi/7.3.1/thumb/v7-m\libgcc.a(_arm_addsubsf3.o)
                              Src/ste1.o (__aeabi_fsub)
c:/st/stm32cubeide_1.0.0/stm32cubeide/plugins/com.st.stm32cube.ide.mcu.externaltools.gnu-tools-for-stm32.7-2018-q2-update.win32_1.0.0.201904181610/tools/bin/../lib/gcc/arm-none-eabi/7.3.1/thumb/v7-m\libgcc.a(_arm_muldivsf3.o)
                              Src/ste1.o (__aeabi_fmul)
c:/st/stm32cubeide_1.0.0/stm32cubeide/plugins/com.st.stm32cube.ide.mcu.externaltools.gnu-tools-for-stm32.7-2018-q2-update.win32_1.0.0.201904181610/tools/bin/../lib/gcc/arm-none-eabi/7.3.1/thumb/v7-m\libgcc.a(_arm_fixsfsi.o)
                              Src/ste1.o (__aeabi_f2iz)

Allocating common symbols
Common symbol       size              file

SER2_au8SndBuf      0x400             Src/ser2.o
SER1_au8RecBuf      0x400             Src/ser1.o
ser3_u8Valid_Data   0x1               Src/ser3.o
ser1_au8SndBuf      0x101             Src/ser1.o
htim4               0x40              Src/main.o
huart3              0x40              Src/ctl.o
ser3_au8RecBuf      0x101             Src/ser3.o
SER2_u8SendPollingRunning
                    0x1               Src/ser2.o
unAnyData           0x8               Src/ctl.o
uwTick              0x4               Drivers/STM32F1xx_HAL_Driver/Src/stm32f1xx_hal.o
au8Temp             0x100             Src/ctl.o
hdma_usart3_tx      0x44              Src/ctl.o
pFlash              0x20              Drivers/STM32F1xx_HAL_Driver/Src/stm32f1xx_hal_flash.o
SER1_TransmitFrameLength
                    0x1               Src/ser1.o
ser2_au8RecBuf      0x101             Src/ser2.o
SER3_au8SndBuf      0x400             Src/ser3.o
SER3_u8SendPollingRunning
                    0x1               Src/ser3.o
hdma_usart1_tx      0x44              Src/ctl.o
ser3_au8SndBuf      0x101             Src/ser3.o
hdma_usart2_tx      0x44              Src/ctl.o
ser1_au8RecBuf      0x101             Src/ser1.o
SER2_TransmitFrameLength
[...]
Memory Configuration

Name             Origin             Length             Attributes
FLASH            0x0000000008000000 0x0000000000010000 xr
RAM              0x0000000020000000 0x0000000000005000 xrw
*default*        0x0000000000000000 0xffffffffffffffff

Linker script and memory map

LOAD c:/st/stm32cubeide_1.0.0/stm32cubeide/plugins/com.st.stm32cube.ide.mcu.externaltools.gnu-tools-for-stm32.7-2018-q2-update.win32_1.0.0.201904181610/tools/bin/../lib/gcc/arm-none-eabi/7.3.1/thumb/v7-m/crti.o
LOAD c:/st/stm32cubeide_1.0.0/stm32cubeide/plugins/com.st.stm32cube.ide.mcu.externaltools.gnu-tools-for-stm32.7-2018-q2-update.win32_1.0.0.201904181610/tools/bin/../lib/gcc/arm-none-eabi/7.3.1/thumb/v7-m/crtbegin.o
LOAD c:/st/stm32cubeide_1.0.0/stm32cubeide/plugins/com.st.stm32cube.ide.mcu.externaltools.gnu-tools-for-stm32.7-2018-q2-update.win32_1.0.0.201904181610/tools/bin/../lib/gcc/arm-none-eabi/7.3.1/../../../../arm-none-eabi/lib/thumb/v7-m/crt0.o
LOAD Drivers/STM32F1xx_HAL_Driver/Src/stm32f1xx_hal.o
LOAD Drivers/STM32F1xx_HAL_Driver/Src/stm32f1xx_hal_cortex.o
LOAD Drivers/STM32F1xx_HAL_Driver/Src/stm32f1xx_hal_dma.o
LOAD Drivers/STM32F1xx_HAL_Driver/Src/stm32f1xx_hal_flash.o
LOAD Drivers/STM32F1xx_HAL_Driver/Src/stm32f1xx_hal_flash_ex.o
LOAD Drivers/STM32F1xx_HAL_Driver/Src/stm32f1xx_hal_gpio.o
LOAD Drivers/STM32F1xx_HAL_Driver/Src/stm32f1xx_hal_gpio_ex.o
LOAD Drivers/STM32F1xx_HAL_Driver/Src/stm32f1xx_hal_pwr.o
LOAD Drivers/STM32F1xx_HAL_Driver/Src/stm32f1xx_hal_rcc.o
LOAD Drivers/STM32F1xx_HAL_Driver/Src/stm32f1xx_hal_rcc_ex.o
LOAD Drivers/STM32F1xx_HAL_Driver/Src/stm32f1xx_hal_tim.o
LOAD Drivers/STM32F1xx_HAL_Driver/Src/stm32f1xx_hal_tim_ex.o
LOAD Drivers/STM32F1xx_HAL_Driver/Src/stm32f1xx_hal_uart.o
LOAD Src/ctl.o
LOAD Src/main.o
LOAD Src/ser1.o
LOAD Src/ser2.o
LOAD Src/ser3.o
LOAD Src/ste1.o
LOAD Src/stm32f1xx_hal_msp.o
LOAD Src/stm32f1xx_it.o
LOAD Src/syscalls.o
LOAD Src/sysmem.o
LOAD Src/system_stm32f1xx.o
LOAD Src/tim4.o
LOAD Src/uart1.o
LOAD Src/uart2.o
LOAD Src/uart3.o
LOAD Startup/startup_stm32f103c8tx.o
START GROUP
LOAD c:/st/stm32cubeide_1.0.0/stm32cubeide/plugins/com.st.stm32cube.ide.mcu.externaltools.gnu-tools-for-stm32.7-2018-q2-update.win32_1.0.0.201904181610/tools/bin/../lib/gcc/arm-none-eabi/7.3.1/../../../../arm-none-eabi/lib/thumb/v7-m\libc_nano.a
LOAD c:/st/stm32cubeide_1.0.0/stm32cubeide/plugins/com.st.stm32cube.ide.mcu.externaltools.gnu-tools-for-stm32.7-2018-q2-update.win32_1.0.0.201904181610/tools/bin/../lib/gcc/arm-none-eabi/7.3.1/../../../../arm-none-eabi/lib/thumb/v7-m\libm.a
END GROUP
START GROUP
LOAD c:/st/stm32cubeide_1.0.0/stm32cubeide/plugins/com.st.stm32cube.ide.mcu.externaltools.gnu-tools-for-stm32.7-2018-q2-update.win32_1.0.0.201904181610/tools/bin/../lib/gcc/arm-none-eabi/7.3.1/thumb/v7-m\libgcc.a
LOAD c:/st/stm32cubeide_1.0.0/stm32cubeide/plugins/com.st.stm32cube.ide.mcu.externaltools.gnu-tools-for-stm32.7-2018-q2-update.win32_1.0.0.201904181610/tools/bin/../lib/gcc/arm-none-eabi/7.3.1/../../../../arm-none-eabi/lib/thumb/v7-m\libc_nano.a
END GROUP
START GROUP
LOAD c:/st/stm32cubeide_1.0.0/stm32cubeide/plugins/com.st.stm32cube.ide.mcu.externaltools.gnu-tools-for-stm32.7-2018-q2-update.win32_1.0.0.201904181610/tools/bin/../lib/gcc/arm-none-eabi/7.3.1/thumb/v7-m\libgcc.a
LOAD c:/st/stm32cubeide_1.0.0/stm32cubeide/plugins/com.st.stm32cube.ide.mcu.externaltools.gnu-tools-for-stm32.7-2018-q2-update.win32_1.0.0.201904181610/tools/bin/../lib/gcc/arm-none-eabi/7.3.1/../../../../arm-none-eabi/lib/thumb/v7-m\libc_nano.a
LOAD c:/st/stm32cubeide_1.0.0/stm32cubeide/plugins/com.st.stm32cube.ide.mcu.externaltools.gnu-tools-for-stm32.7-2018-q2-update.win32_1.0.0.201904181610/tools/bin/../lib/gcc/arm-none-eabi/7.3.1/../../../../arm-none-eabi/lib/thumb/v7-m\libnosys.a
END GROUP
START GROUP
LOAD c:/st/stm32cubeide_1.0.0/stm32cubeide/plugins/com.st.stm32cube.ide.mcu.externaltools.gnu-tools-for-stm32.7-2018-q2-update.win32_1.0.0.201904181610/tools/bin/../lib/gcc/arm-none-eabi/7.3.1/thumb/v7-m\libgcc.a
LOAD c:/st/stm32cubeide_1.0.0/stm32cubeide/plugins/com.st.stm32cube.ide.mcu.externaltools.gnu-tools-for-stm32.7-2018-q2-update.win32_1.0.0.201904181610/tools/bin/../lib/gcc/arm-none-eabi/7.3.1/../../../../arm-none-eabi/lib/thumb/v7-m\libc_nano.a
LOAD c:/st/stm32cubeide_1.0.0/stm32cubeide/plugins/com.st.stm32cube.ide.mcu.externaltools.gnu-tools-for-stm32.7-2018-q2-update.win32_1.0.0.201904181610/tools/bin/../lib/gcc/arm-none-eabi/7.3.1/../../../../arm-none-eabi/lib/thumb/v7-m\libnosys.a
END GROUP
LOAD c:/st/stm32cubeide_1.0.0/stm32cubeide/plugins/com.st.stm32cube.ide.mcu.externaltools.gnu-tools-for-stm32.7-2018-q2-update.win32_1.0.0.201904181610/tools/bin/../lib/gcc/arm-none-eabi/7.3.1/thumb/v7-m/crtend.o
LOAD c:/st/stm32cubeide_1.0.0/stm32cubeide/plugins/com.st.stm32cube.ide.mcu.externaltools.gnu-tools-for-stm32.7-2018-q2-update.win32_1.0.0.201904181610/tools/bin/../lib/gcc/arm-none-eabi/7.3.1/thumb/v7-m/crtn.o
                0x0000000020004fff                _estack = 0x20004fff
                0x0000000000000200                _Min_Heap_Size = 0x200
                0x0000000000000400                _Min_Stack_Size = 0x400

.isr_vector     0x0000000008000000      0x10c
                0x0000000008000000                . = ALIGN (0x4)
 *(.isr_vector)
 .isr_vector    0x0000000008000000      0x10c Startup/startup_stm32f103c8tx.o
                0x0000000008000000                g_pfnVectors
                0x000000000800010c                . = ALIGN (0x4)

.text           0x000000000800010c     0x3ae0
                0x000000000800010c                . = ALIGN (0x4)
 *(.text)
 .text          0x000000000800010c       0x40 c:/st/stm32cubeide_1.0.0/stm32cubeide/plugins/com.st.stm32cube.ide.mcu.externaltools.gnu-tools-for-stm32.7-2018-q2-update.win32_1.0.0.201904181610/tools/bin/../lib/gcc/arm-none-eabi/7.3.1/thumb/v7-m/crtbegin.o
 .text          0x000000000800014c      0x21c c:/st/stm32cubeide_1.0.0/stm32cubeide/plugins/com.st.stm32cube.ide.mcu.externaltools.gnu-tools-for-stm32.7-2018-q2-update.win32_1.0.0.201904181610/tools/bin/../lib/gcc/arm-none-eabi/7.3.1/thumb/v7-m\libgcc.a(_arm_addsubsf3.o)
                0x000000000800014c                __aeabi_frsub
                0x0000000008000154                __subsf3
                0x0000000008000154                __aeabi_fsub
                0x0000000008000158                __aeabi_fadd
                0x0000000008000158                __addsf3
                0x00000000080002b8                __aeabi_ui2f
                0x00000000080002b8                __floatunsisf
                0x00000000080002c0                __aeabi_i2f
                0x00000000080002c0                __floatsisf
                0x00000000080002dc                __aeabi_ul2f
                0x00000000080002dc                __floatundisf
                0x00000000080002ec                __aeabi_l2f
                0x00000000080002ec                __floatdisf
 .text          0x0000000008000368      0x2a0 c:/st/stm32cubeide_1.0.0/stm32cubeide/plugins/com.st.stm32cube.ide.mcu.externaltools.gnu-tools-for-stm32.7-2018-q2-update.win32_1.0.0.201904181610/tools/bin/../lib/gcc/arm-none-eabi/7.3.1/thumb/v7-m\libgcc.a(_arm_muldivsf3.o)
                0x0000000008000368                __mulsf3
                0x0000000008000368                __aeabi_fmul
                0x00000000080004d0                __aeabi_fdiv
                0x00000000080004d0                __divsf3
 .text          0x0000000008000608       0x4c c:/st/stm32cubeide_1.0.0/stm32cubeide/plugins/com.st.stm32cube.ide.mcu.externaltools.gnu-tools-for-stm32.7-2018-q2-update.win32_1.0.0.201904181610/tools/bin/../lib/gcc/arm-none-eabi/7.3.1/thumb/v7-m\libgcc.a(_arm_fixsfsi.o)
                0x0000000008000608                __aeabi_f2iz
                0x0000000008000608                __fixsfsi
 *(.text*)
 .text.HAL_Init
                0x0000000008000654       0x2c Drivers/STM32F1xx_HAL_Driver/Src/stm32f1xx_hal.o
                0x0000000008000654                HAL_Init
 .text.HAL_InitTick
                0x0000000008000680       0x60 Drivers/STM32F1xx_HAL_Driver/Src/stm32f1xx_hal.o
                0x0000000008000680                HAL_InitTick
 .text.HAL_IncTick
                0x00000000080006e0       0x24 Drivers/STM32F1xx_HAL_Driver/Src/stm32f1xx_hal.o
                0x00000000080006e0                HAL_IncTick
 .text.HAL_GetTick
                0x0000000008000704       0x14 Drivers/STM32F1xx_HAL_Driver/Src/stm32f1xx_hal.o
                0x0000000008000704                HAL_GetTick
 .text.HAL_Delay
                0x0000000008000718       0x44 Drivers/STM32F1xx_HAL_Driver/Src/stm32f1xx_hal.o
                0x0000000008000718                HAL_Delay
 .text.NVIC_SetPriorityGrouping
                0x000000000800075c       0x48 Drivers/STM32F1xx_HAL_Driver/Src/stm32f1xx_hal_cortex.o
 .text.NVIC_GetPriorityGrouping
                0x00000000080007a4       0x1c Drivers/STM32F1xx_HAL_Driver/Src/stm32f1xx_hal_cortex.o
 .text.NVIC_EnableIRQ
                0x00000000080007c0       0x30 Drivers/STM32F1xx_HAL_Driver/Src/stm32f1xx_hal_cortex.o
 .text.NVIC_SetPriority
                0x00000000080007f0       0x54 Drivers/STM32F1xx_HAL_Driver/Src/stm32f1xx_hal_cortex.o
 .text.NVIC_EncodePriority
                0x0000000008000844       0x64 Drivers/STM32F1xx_HAL_Driver/Src/stm32f1xx_hal_cortex.o
 .text.SysTick_Config
                0x00000000080008a8       0x44 Drivers/STM32F1xx_HAL_Driver/Src/stm32f1xx_hal_cortex.o
 .text.HAL_NVIC_SetPriorityGrouping
                0x00000000080008ec       0x16 Drivers/STM32F1xx_HAL_Driver/Src/stm32f1xx_hal_cortex.o
                0x00000000080008ec                HAL_NVIC_SetPriorityGrouping
 .text.HAL_NVIC_SetPriority
                0x0000000008000902       0x38 Drivers/STM32F1xx_HAL_Driver/Src/stm32f1xx_hal_cortex.o
                0x0000000008000902                HAL_NVIC_SetPriority
 .text.HAL_NVIC_EnableIRQ
                0x000000000800093a       0x1c Drivers/STM32F1xx_HAL_Driver/Src/stm32f1xx_hal_cortex.o
                0x000000000800093a                HAL_NVIC_EnableIRQ
 .text.HAL_SYSTICK_Config
                0x0000000008000956       0x18 Drivers/STM32F1xx_HAL_Driver/Src/stm32f1xx_hal_cortex.o
                0x0000000008000956                HAL_SYSTICK_Config
 *fill*         0x000000000800096e        0x2 
 .text.HAL_DMA_Init
                0x0000000008000970       0xb4 Drivers/STM32F1xx_HAL_Driver/Src/stm32f1xx_hal_dma.o
                0x0000000008000970                HAL_DMA_Init
 .text.HAL_DMA_Start_IT
                0x0000000008000a24       0xbe Drivers/STM32F1xx_HAL_Driver/Src/stm32f1xx_hal_dma.o
                0x0000000008000a24                HAL_DMA_Start_IT
 *fill*         0x0000000008000ae2        0x2 
 .text.HAL_DMA_Abort_IT
                0x0000000008000ae4       0xec Drivers/STM32F1xx_HAL_Driver/Src/stm32f1xx_hal_dma.o
                0x0000000008000ae4                HAL_DMA_Abort_IT
 .text.HAL_DMA_IRQHandler
                0x0000000008000bd0      0x20c Drivers/STM32F1xx_HAL_Driver/Src/stm32f1xx_hal_dma.o
                0x0000000008000bd0                HAL_DMA_IRQHandler
 .text.DMA_SetConfig
                0x0000000008000ddc       0x5a Drivers/STM32F1xx_HAL_Driver/Src/stm32f1xx_hal_dma.o
 *fill*         0x0000000008000e36        0x2 
 .text.HAL_GPIO_Init
                0x0000000008000e38      0x2bc Drivers/STM32F1xx_HAL_Driver/Src/stm32f1xx_hal_gpio.o
                0x0000000008000e38                HAL_GPIO_Init
 .text.HAL_RCC_OscConfig
                0x00000000080010f4      0x4c8 Drivers/STM32F1xx_HAL_Driver/Src/stm32f1xx_hal_rcc.o
                0x00000000080010f4                HAL_RCC_OscConfig
 .text.HAL_RCC_ClockConfig
                0x00000000080015bc      0x218 Drivers/STM32F1xx_HAL_Driver/Src/stm32f1xx_hal_rcc.o
                0x00000000080015bc                HAL_RCC_ClockConfig
 .text.HAL_RCC_GetSysClockFreq
                0x00000000080017d4       0xc4 Drivers/STM32F1xx_HAL_Driver/Src/stm32f1xx_hal_rcc.o
                0x00000000080017d4                HAL_RCC_GetSysClockFreq
 .text.HAL_RCC_GetHCLKFreq
                0x0000000008001898       0x14 Drivers/STM32F1xx_HAL_Driver/Src/stm32f1xx_hal_rcc.o
                0x0000000008001898                HAL_RCC_GetHCLKFreq
 .text.HAL_RCC_GetPCLK1Freq
                0x00000000080018ac       0x28 Drivers/STM32F1xx_HAL_Driver/Src/stm32f1xx_hal_rcc.o
                0x00000000080018ac                HAL_RCC_GetPCLK1Freq
 .text.HAL_RCC_GetPCLK2Freq
                0x00000000080018d4       0x28 Drivers/STM32F1xx_HAL_Driver/Src/stm32f1xx_hal_rcc.o
                0x00000000080018d4                HAL_RCC_GetPCLK2Freq
 .text.RCC_Delay
                0x00000000080018fc       0x3c Drivers/STM32F1xx_HAL_Driver/Src/stm32f1xx_hal_rcc.o
 .text.HAL_TIM_Base_Init
                0x0000000008001938       0x56 Drivers/STM32F1xx_HAL_Driver/Src/stm32f1xx_hal_tim.o
                0x0000000008001938                HAL_TIM_Base_Init
 .text.HAL_TIM_Base_Start_IT
                0x000000000800198e       0x34 Drivers/STM32F1xx_HAL_Driver/Src/stm32f1xx_hal_tim.o
                0x000000000800198e                HAL_TIM_Base_Start_IT
 .text.HAL_TIM_IRQHandler
                0x00000000080019c2      0x210 Drivers/STM32F1xx_HAL_Driver/Src/stm32f1xx_hal_tim.o
                0x00000000080019c2                HAL_TIM_IRQHandler
 .text.HAL_TIM_ConfigClockSource
                0x0000000008001bd2      0x1b6 Drivers/STM32F1xx_HAL_Driver/Src/stm32f1xx_hal_tim.o
                0x0000000008001bd2                HAL_TIM_ConfigClockSource
 .text.HAL_TIM_OC_DelayElapsedCallback
                0x0000000008001d88       0x12 Drivers/STM32F1xx_HAL_Driver/Src/stm32f1xx_hal_tim.o
                0x0000000008001d88                HAL_TIM_OC_DelayElapsedCallback
 .text.HAL_TIM_IC_CaptureCallback
                0x0000000008001d9a       0x12 Drivers/STM32F1xx_HAL_Driver/Src/stm32f1xx_hal_tim.o
                0x0000000008001d9a                HAL_TIM_IC_CaptureCallback
 .text.HAL_TIM_PWM_PulseFinishedCallback
                0x0000000008001dac       0x12 Drivers/STM32F1xx_HAL_Driver/Src/stm32f1xx_hal_tim.o
                0x0000000008001dac                HAL_TIM_PWM_PulseFinishedCallback
 .text.HAL_TIM_TriggerCallback
                0x0000000008001dbe       0x12 Drivers/STM32F1xx_HAL_Driver/Src/stm32f1xx_hal_tim.o
                0x0000000008001dbe                HAL_TIM_TriggerCallback
 .text.TIM_Base_SetConfig
                0x0000000008001dd0       0xcc Drivers/STM32F1xx_HAL_Driver/Src/stm32f1xx_hal_tim.o
                0x0000000008001dd0                TIM_Base_SetConfig
 .text.TIM_TI1_ConfigInputStage
                0x0000000008001e9c       0x64 Drivers/STM32F1xx_HAL_Driver/Src/stm32f1xx_hal_tim.o
 .text.TIM_TI2_ConfigInputStage
                0x0000000008001f00       0x66 Drivers/STM32F1xx_HAL_Driver/Src/stm32f1xx_hal_tim.o
 .text.TIM_ITRx_SetConfig
                0x0000000008001f66       0x3e Drivers/STM32F1xx_HAL_Driver/Src/stm32f1xx_hal_tim.o
 .text.TIM_ETR_SetConfig
                0x0000000008001fa4       0x42 Drivers/STM32F1xx_HAL_Driver/Src/stm32f1xx_hal_tim.o
 .text.HAL_TIMEx_MasterConfigSynchronization
                0x0000000008001fe6       0x88 Drivers/STM32F1xx_HAL_Driver/Src/stm32f1xx_hal_tim_ex.o
                0x0000000008001fe6                HAL_TIMEx_MasterConfigSynchronization
 .text.HAL_TIMEx_CommutationCallback
                0x000000000800206e       0x12 Drivers/STM32F1xx_HAL_Driver/Src/stm32f1xx_hal_tim_ex.o
                0x000000000800206e                HAL_TIMEx_CommutationCallback
 .text.HAL_TIMEx_BreakCallback
                0x0000000008002080       0x12 Drivers/STM32F1xx_HAL_Driver/Src/stm32f1xx_hal_tim_ex.o
                0x0000000008002080                HAL_TIMEx_BreakCallback
 .text.HAL_UART_Init
                0x0000000008002092       0x9a Drivers/STM32F1xx_HAL_Driver/Src/stm32f1xx_hal_uart.o
                0x0000000008002092                HAL_UART_Init
 .text.HAL_UART_Receive_IT
                0x000000000800212c       0xa8 Drivers/STM32F1xx_HAL_Driver/Src/stm32f1xx_hal_uart.o
                0x000000000800212c                HAL_UART_Receive_IT
 .text.HAL_UART_Transmit_DMA
                0x00000000080021d4       0xd8 Drivers/STM32F1xx_HAL_Driver/Src/stm32f1xx_hal_uart.o
                0x00000000080021d4                HAL_UART_Transmit_DMA
 .text.HAL_UART_IRQHandler
                0x00000000080022ac      0x1f8 Drivers/STM32F1xx_HAL_Driver/Src/stm32f1xx_hal_uart.o
                0x00000000080022ac                HAL_UART_IRQHandler
 .text.HAL_UART_TxCpltCallback
                0x00000000080024a4       0x12 Drivers/STM32F1xx_HAL_Driver/Src/stm32f1xx_hal_uart.o
                0x00000000080024a4                HAL_UART_TxCpltCallback
 .text.HAL_UART_TxHalfCpltCallback
                0x00000000080024b6       0x12 Drivers/STM32F1xx_HAL_Driver/Src/stm32f1xx_hal_uart.o
                0x00000000080024b6                HAL_UART_TxHalfCpltCallback
 .text.HAL_UART_ErrorCallback
                0x00000000080024c8       0x12 Drivers/STM32F1xx_HAL_Driver/Src/stm32f1xx_hal_uart.o
                0x00000000080024c8                HAL_UART_ErrorCallback
 .text.UART_DMATransmitCplt
                0x00000000080024da       0x52 Drivers/STM32F1xx_HAL_Driver/Src/stm32f1xx_hal_uart.o
 .text.UART_DMATxHalfCplt
                0x000000000800252c       0x1c Drivers/STM32F1xx_HAL_Driver/Src/stm32f1xx_hal_uart.o
 .text.UART_DMAError
                0x0000000008002548       0x94 Drivers/STM32F1xx_HAL_Driver/Src/stm32f1xx_hal_uart.o
 .text.UART_EndTxTransfer
                0x00000000080025dc       0x2a Drivers/STM32F1xx_HAL_Driver/Src/stm32f1xx_hal_uart.o
 .text.UART_EndRxTransfer
                0x0000000008002606       0x3a Drivers/STM32F1xx_HAL_Driver/Src/stm32f1xx_hal_uart.o
 .text.UART_DMAAbortOnError
                0x0000000008002640       0x28 Drivers/STM32F1xx_HAL_Driver/Src/stm32f1xx_hal_uart.o
 .text.UART_Transmit_IT
                0x0000000008002668       0xaa Drivers/STM32F1xx_HAL_Driver/Src/stm32f1xx_hal_uart.o
 .text.UART_EndTransmit_IT
                0x0000000008002712       0x30 Drivers/STM32F1xx_HAL_Driver/Src/stm32f1xx_hal_uart.o
 .text.UART_Receive_IT
                0x0000000008002742      0x102 Drivers/STM32F1xx_HAL_Driver/Src/stm32f1xx_hal_uart.o
 .text.UART_SetConfig
                0x0000000008002844      0x230 Drivers/STM32F1xx_HAL_Driver/Src/stm32f1xx_hal_uart.o
 .text.CTL_Ini  0x0000000008002a74      0x140 Src/ctl.o
                0x0000000008002a74                CTL_Ini
 .text.CTL_Main
                0x0000000008002bb4      0x1f8 Src/ctl.o
                0x0000000008002bb4                CTL_Main
 .text.main     0x0000000008002dac       0x36 Src/main.o
                0x0000000008002dac                main
 .text.SystemClock_Config
                0x0000000008002de2       0x8a Src/main.o
                0x0000000008002de2                SystemClock_Config
 .text.MX_TIM4_Init
                0x0000000008002e6c       0x9c Src/main.o
 .text.MX_USART1_UART_Init
                0x0000000008002f08       0x54 Src/main.o
 .text.MX_USART2_UART_Init
                0x0000000008002f5c       0x54 Src/main.o
 .text.MX_USART3_UART_Init
                0x0000000008002fb0       0x54 Src/main.o
 .text.MX_DMA_Init
                0x0000000008003004       0x5c Src/main.o
 .text.MX_GPIO_Init
                0x0000000008003060       0x5c Src/main.o
 .text.HAL_UART_RxCpltCallback
                0x00000000080030bc       0x24 Src/main.o
                0x00000000080030bc                HAL_UART_RxCpltCallback
 .text.HAL_TIM_PeriodElapsedCallback
                0x00000000080030e0       0x16 Src/main.o
                0x00000000080030e0                HAL_TIM_PeriodElapsedCallback
 .text.Error_Handler
                0x00000000080030f6        0xc Src/main.o
                0x00000000080030f6                Error_Handler
 .text.ser1_XORChecksum
                0x0000000008003102       0x3e Src/ser1.o
                0x0000000008003102                ser1_XORChecksum
 .text.SER1_Send_Protocol
                0x0000000008003140       0x68 Src/ser1.o
                0x0000000008003140                SER1_Send_Protocol
 .text.ser2_XORChecksum
                0x00000000080031a8       0x3e Src/ser2.o
                0x00000000080031a8                ser2_XORChecksum
 *fill*         0x00000000080031e6        0x2 
 .text.SER2_Send_Protocol
                0x00000000080031e8       0x68 Src/ser2.o
                0x00000000080031e8                SER2_Send_Protocol
 .text.SER3_Protocol_Handling
                0x0000000008003250      0x1b4 Src/ser3.o
                0x0000000008003250                SER3_Protocol_Handling
 .text.SER3_u8Valid_Data
                0x0000000008003404       0x30 Src/ser3.o
                0x0000000008003404                SER3_u8Valid_Data
 .text.SER3_RecBuf_Put
                0x0000000008003434       0x40 Src/ser3.o
                0x0000000008003434                SER3_RecBuf_Put
 .text.SER3_u8RecBuf_Get
                0x0000000008003474       0x40 Src/ser3.o
                0x0000000008003474                SER3_u8RecBuf_Get
 .text.SER3_u8RecBuf_Empty
                0x00000000080034b4       0x28 Src/ser3.o
                0x00000000080034b4                SER3_u8RecBuf_Empty
 .text.STE1_Calculation
                0x00000000080034dc      0x118 Src/ste1.o
                0x00000000080034dc                STE1_Calculation
 .text.HAL_MspInit
                0x00000000080035f4       0x64 Src/stm32f1xx_hal_msp.o
                0x00000000080035f4                HAL_MspInit
 .text.HAL_TIM_Base_MspInit
                0x0000000008003658       0x4c Src/stm32f1xx_hal_msp.o
                0x0000000008003658                HAL_TIM_Base_MspInit
 .text.HAL_UART_MspInit
                0x00000000080036a4      0x2ac Src/stm32f1xx_hal_msp.o
                0x00000000080036a4                HAL_UART_MspInit
 .text.NMI_Handler
                0x0000000008003950        0xc Src/stm32f1xx_it.o
                0x0000000008003950                NMI_Handler
 .text.HardFault_Handler
                0x000000000800395c        0x6 Src/stm32f1xx_it.o
                0x000000000800395c                HardFault_Handler
 .text.MemManage_Handler
                0x0000000008003962        0x6 Src/stm32f1xx_it.o
                0x0000000008003962                MemManage_Handler
 .text.BusFault_Handler
                0x0000000008003968        0x6 Src/stm32f1xx_it.o
                0x0000000008003968                BusFault_Handler
 .text.UsageFault_Handler
                0x000000000800396e        0x6 Src/stm32f1xx_it.o
                0x000000000800396e                UsageFault_Handler
 .text.SVC_Handler
                0x0000000008003974        0xc Src/stm32f1xx_it.o
                0x0000000008003974                SVC_Handler
 .text.DebugMon_Handler
                0x0000000008003980        0xc Src/stm32f1xx_it.o
                0x0000000008003980                DebugMon_Handler
 .text.PendSV_Handler
                0x000000000800398c        0xc Src/stm32f1xx_it.o
                0x000000000800398c                PendSV_Handler
 .text.SysTick_Handler
                0x0000000008003998        0xc Src/stm32f1xx_it.o
                0x0000000008003998                SysTick_Handler
 .text.DMA1_Channel2_IRQHandler
                0x00000000080039a4       0x14 Src/stm32f1xx_it.o
                0x00000000080039a4                DMA1_Channel2_IRQHandler
 .text.DMA1_Channel4_IRQHandler
                0x00000000080039b8       0x14 Src/stm32f1xx_it.o
                0x00000000080039b8                DMA1_Channel4_IRQHandler
 .text.DMA1_Channel7_IRQHandler
                0x00000000080039cc       0x14 Src/stm32f1xx_it.o
                0x00000000080039cc                DMA1_Channel7_IRQHandler
 .text.TIM4_IRQHandler
                0x00000000080039e0       0x14 Src/stm32f1xx_it.o
                0x00000000080039e0                TIM4_IRQHandler
 .text.USART1_IRQHandler
                0x00000000080039f4       0x14 Src/stm32f1xx_it.o
                0x00000000080039f4                USART1_IRQHandler
 .text.USART2_IRQHandler
                0x0000000008003a08       0x14 Src/stm32f1xx_it.o
                0x0000000008003a08                USART2_IRQHandler
 .text.USART3_IRQHandler
                0x0000000008003a1c       0x14 Src/stm32f1xx_it.o
                0x0000000008003a1c                USART3_IRQHandler
 .text.SystemInit
                0x0000000008003a30       0x68 Src/system_stm32f1xx.o
                0x0000000008003a30                SystemInit
 .text.TIM4_Ini
                0x0000000008003a98       0x18 Src/tim4.o
                0x0000000008003a98                TIM4_Ini
 .text.TIM4_HAL_TIM_PeriodElapsedCallback
                0x0000000008003ab0       0x20 Src/tim4.o
                0x0000000008003ab0                TIM4_HAL_TIM_PeriodElapsedCallback
 .text.UART3_Ini
                0x0000000008003ad0       0x1c Src/uart3.o
                0x0000000008003ad0                UART3_Ini
 .text.UART3_HAL_UART_RxCpltCallback
                0x0000000008003aec       0x2c Src/uart3.o
                0x0000000008003aec                UART3_HAL_UART_RxCpltCallback
 .text.Reset_Handler
                0x0000000008003b18       0x48 Startup/startup_stm32f103c8tx.o
                0x0000000008003b18                Reset_Handler
 .text.Default_Handler
                0x0000000008003b60        0x2 Startup/startup_stm32f103c8tx.o
                0x0000000008003b60                RTC_Alarm_IRQHandler
                0x0000000008003b60                EXTI2_IRQHandler
                0x0000000008003b60                TIM1_CC_IRQHandler
                0x0000000008003b60                PVD_IRQHandler
                0x0000000008003b60                EXTI3_IRQHandler
                0x0000000008003b60                EXTI0_IRQHandler
                0x0000000008003b60                I2C2_EV_IRQHandler
                0x0000000008003b60                ADC1_2_IRQHandler
                0x0000000008003b60                SPI1_IRQHandler
                0x0000000008003b60                TAMPER_IRQHandler
                0x0000000008003b60                RTC_IRQHandler
                0x0000000008003b60                CAN1_RX1_IRQHandler
                0x0000000008003b60                I2C1_EV_IRQHandler
                0x0000000008003b60                DMA1_Channel6_IRQHandler
                0x0000000008003b60                TIM3_IRQHandler
                0x0000000008003b60                RCC_IRQHandler
                0x0000000008003b60                TIM1_TRG_COM_IRQHandler
                0x0000000008003b60                DMA1_Channel1_IRQHandler
                0x0000000008003b60                Default_Handler
                0x0000000008003b60                EXTI15_10_IRQHandler
                0x0000000008003b60                EXTI9_5_IRQHandler
                0x0000000008003b60                SPI2_IRQHandler
                0x0000000008003b60                DMA1_Channel5_IRQHandler
                0x0000000008003b60                EXTI4_IRQHandler
                0x0000000008003b60                USB_LP_CAN1_RX0_IRQHandler
                0x0000000008003b60                USB_HP_CAN1_TX_IRQHandler
                0x0000000008003b60                DMA1_Channel3_IRQHandler
                0x0000000008003b60                TIM1_UP_IRQHandler
                0x0000000008003b60                WWDG_IRQHandler
                0x0000000008003b60                TIM2_IRQHandler
                0x0000000008003b60                TIM1_BRK_IRQHandler
                0x0000000008003b60                EXTI1_IRQHandler
                0x0000000008003b60                I2C2_ER_IRQHandler
                0x0000000008003b60                CAN1_SCE_IRQHandler
                0x0000000008003b60                FLASH_IRQHandler
                0x0000000008003b60                I2C1_ER_IRQHandler
                0x0000000008003b60                USBWakeUp_IRQHandler
 *fill*         0x0000000008003b62        0x2 
 .text.__libc_init_array
                0x0000000008003b64       0x48 c:/st/stm32cubeide_1.0.0/stm32cubeide/plugins/com.st.stm32cube.ide.mcu.externaltools.gnu-tools-for-stm32.7-2018-q2-update.win32_1.0.0.201904181610/tools/bin/../lib/gcc/arm-none-eabi/7.3.1/../../../../arm-none-eabi/lib/thumb/v7-m\libc_nano.a(lib_a-init.o)
                0x0000000008003b64                __libc_init_array
 .text.memcpy   0x0000000008003bac       0x16 c:/st/stm32cubeide_1.0.0/stm32cubeide/plugins/com.st.stm32cube.ide.mcu.externaltools.gnu-tools-for-stm32.7-2018-q2-update.win32_1.0.0.201904181610/tools/bin/../lib/gcc/arm-none-eabi/7.3.1/../../../../arm-none-eabi/lib/thumb/v7-m\libc_nano.a(lib_a-memcpy-stub.o)
                0x0000000008003bac                memcpy
 .text.memset   0x0000000008003bc2       0x10 c:/st/stm32cubeide_1.0.0/stm32cubeide/plugins/com.st.stm32cube.ide.mcu.externaltools.gnu-tools-for-stm32.7-2018-q2-update.win32_1.0.0.201904181610/tools/bin/../lib/gcc/arm-none-eabi/7.3.1/../../../../arm-none-eabi/lib/thumb/v7-m\libc_nano.a(lib_a-memset.o)
                0x0000000008003bc2                memset
 *(.glue_7)
 .glue_7        0x0000000008003bd2        0x0 linker stubs
 *(.glue_7t)
 .glue_7t       0x0000000008003bd2        0x0 linker stubs
 *(.eh_frame)
 *fill*         0x0000000008003bd2        0x2 
 .eh_frame      0x0000000008003bd4        0x0 c:/st/stm32cubeide_1.0.0/stm32cubeide/plugins/com.st.stm32cube.ide.mcu.externaltools.gnu-tools-for-stm32.7-2018-q2-update.win32_1.0.0.201904181610/tools/bin/../lib/gcc/arm-none-eabi/7.3.1/thumb/v7-m/crtbegin.o
 *(.init)
 .init          0x0000000008003bd4        0x4 c:/st/stm32cubeide_1.0.0/stm32cubeide/plugins/com.st.stm32cube.ide.mcu.externaltools.gnu-tools-for-stm32.7-2018-q2-update.win32_1.0.0.201904181610/tools/bin/../lib/gcc/arm-none-eabi/7.3.1/thumb/v7-m/crti.o
                0x0000000008003bd4                _init
 .init          0x0000000008003bd8        0x8 c:/st/stm32cubeide_1.0.0/stm32cubeide/plugins/com.st.stm32cube.ide.mcu.externaltools.gnu-tools-for-stm32.7-2018-q2-update.win32_1.0.0.201904181610/tools/bin/../lib/gcc/arm-none-eabi/7.3.1/thumb/v7-m/crtn.o
 *(.fini)
 .fini          0x0000000008003be0        0x4 c:/st/stm32cubeide_1.0.0/stm32cubeide/plugins/com.st.stm32cube.ide.mcu.externaltools.gnu-tools-for-stm32.7-2018-q2-update.win32_1.0.0.201904181610/tools/bin/../lib/gcc/arm-none-eabi/7.3.1/thumb/v7-m/crti.o
                0x0000000008003be0                _fini
 .fini          0x0000000008003be4        0x8 c:/st/stm32cubeide_1.0.0/stm32cubeide/plugins/com.st.stm32cube.ide.mcu.externaltools.gnu-tools-for-stm32.7-2018-q2-update.win32_1.0.0.201904181610/tools/bin/../lib/gcc/arm-none-eabi/7.3.1/thumb/v7-m/crtn.o
                0x0000000008003bec                . = ALIGN (0x4)
                0x0000000008003bec                _etext = .

.vfp11_veneer   0x0000000008003bec        0x0
 .vfp11_veneer  0x0000000008003bec        0x0 linker stubs

.v4_bx          0x0000000008003bec        0x0
 .v4_bx         0x0000000008003bec        0x0 linker stubs

.iplt           0x0000000008003bec        0x0
 .iplt          0x0000000008003bec        0x0 c:/st/stm32cubeide_1.0.0/stm32cubeide/plugins/com.st.stm32cube.ide.mcu.externaltools.gnu-tools-for-stm32.7-2018-q2-update.win32_1.0.0.201904181610/tools/bin/../lib/gcc/arm-none-eabi/7.3.1/thumb/v7-m/crtbegin.o

.rodata         0x0000000008003bec       0x2c
                0x0000000008003bec                . = ALIGN (0x4)
 *(.rodata)
 .rodata        0x0000000008003bec       0x12 Drivers/STM32F1xx_HAL_Driver/Src/stm32f1xx_hal_rcc.o
 *(.rodata*)
 *fill*         0x0000000008003bfe        0x2 
 .rodata.AHBPrescTable
                0x0000000008003c00       0x10 Src/system_stm32f1xx.o
                0x0000000008003c00                AHBPrescTable
 .rodata.APBPrescTable
                0x0000000008003c10        0x8 Src/system_stm32f1xx.o
                0x0000000008003c10                APBPrescTable
                0x0000000008003c18                . = ALIGN (0x4)

.rel.dyn        0x0000000008003c18        0x0
 .rel.iplt      0x0000000008003c18        0x0 c:/st/stm32cubeide_1.0.0/stm32cubeide/plugins/com.st.stm32cube.ide.mcu.externaltools.gnu-tools-for-stm32.7-2018-q2-update.win32_1.0.0.201904181610/tools/bin/../lib/gcc/arm-none-eabi/7.3.1/thumb/v7-m/crtbegin.o

.ARM.extab      0x0000000008003c18        0x0
                0x0000000008003c18                . = ALIGN (0x4)
 *(.ARM.extab* .gnu.linkonce.armextab.*)
                0x0000000008003c18                . = ALIGN (0x4)

.ARM            0x0000000008003c18        0x0
                0x0000000008003c18                . = ALIGN (0x4)
                0x0000000008003c18                __exidx_start = .
 *(.ARM.exidx*)
                0x0000000008003c18                __exidx_end = .
                0x0000000008003c18                . = ALIGN (0x4)

.preinit_array  0x0000000008003c18        0x0
                0x0000000008003c18                . = ALIGN (0x4)
                0x0000000008003c18                PROVIDE (__preinit_array_start = .)
 *(.preinit_array*)
                0x0000000008003c18                PROVIDE (__preinit_array_end = .)
                0x0000000008003c18                . = ALIGN (0x4)

.init_array     0x0000000008003c18        0x4
                0x0000000008003c18                . = ALIGN (0x4)
                0x0000000008003c18                PROVIDE (__init_array_start = .)
 *(SORT_BY_NAME(.init_array.*))
 *(.init_array*)
 .init_array    0x0000000008003c18        0x4 c:/st/stm32cubeide_1.0.0/stm32cubeide/plugins/com.st.stm32cube.ide.mcu.externaltools.gnu-tools-for-stm32.7-2018-q2-update.win32_1.0.0.201904181610/tools/bin/../lib/gcc/arm-none-eabi/7.3.1/thumb/v7-m/crtbegin.o
                0x0000000008003c1c                PROVIDE (__init_array_end = .)
                0x0000000008003c1c                . = ALIGN (0x4)

.fini_array     0x0000000008003c1c        0x4
                0x0000000008003c1c                . = ALIGN (0x4)
                [!provide]                        PROVIDE (__fini_array_start = .)
 *(SORT_BY_NAME(.fini_array.*))
 *(.fini_array*)
 .fini_array    0x0000000008003c1c        0x4 c:/st/stm32cubeide_1.0.0/stm32cubeide/plugins/com.st.stm32cube.ide.mcu.externaltools.gnu-tools-for-stm32.7-2018-q2-update.win32_1.0.0.201904181610/tools/bin/../lib/gcc/arm-none-eabi/7.3.1/thumb/v7-m/crtbegin.o
                [!provide]                        PROVIDE (__fini_array_end = .)
                0x0000000008003c20                . = ALIGN (0x4)
                0x0000000008003c20                _sidata = LOADADDR (.data)

.data           0x0000000020000000        0xc load address 0x0000000008003c20
                0x0000000020000000                . = ALIGN (0x4)
                0x0000000020000000                _sdata = .
 *(.data)
 *(.data*)
 .data.uwTickPrio
                0x0000000020000000        0x4 Drivers/STM32F1xx_HAL_Driver/Src/stm32f1xx_hal.o
                0x0000000020000000                uwTickPrio
 .data.uwTickFreq
                0x0000000020000004        0x1 Drivers/STM32F1xx_HAL_Driver/Src/stm32f1xx_hal.o
                0x0000000020000004                uwTickFreq
 .data.ctl_State
                0x0000000020000005        0x1 Src/ctl.o
                0x0000000020000005                ctl_State
 *fill*         0x0000000020000006        0x2 
 .data.SystemCoreClock
                0x0000000020000008        0x4 Src/system_stm32f1xx.o
                0x0000000020000008                SystemCoreClock
                0x000000002000000c                . = ALIGN (0x4)
                0x000000002000000c                _edata = .

.igot.plt       0x000000002000000c        0x0 load address 0x0000000008003c2c
 .igot.plt      0x000000002000000c        0x0 c:/st/stm32cubeide_1.0.0/stm32cubeide/plugins/com.st.stm32cube.ide.mcu.externaltools.gnu-tools-for-stm32.7-2018-q2-update.win32_1.0.0.201904181610/tools/bin/../lib/gcc/arm-none-eabi/7.3.1/thumb/v7-m/crtbegin.o
                0x000000002000000c                . = ALIGN (0x4)

.bss            0x0000000020000010     0x2178 load address 0x0000000008003c2c
                0x0000000020000010                _sbss = .
                0x0000000020000010                __bss_start__ = _sbss
 *(.bss)
 .bss           0x0000000020000010       0x1c c:/st/stm32cubeide_1.0.0/stm32cubeide/plugins/com.st.stm32cube.ide.mcu.externaltools.gnu-tools-for-stm32.7-2018-q2-update.win32_1.0.0.201904181610/tools/bin/../lib/gcc/arm-none-eabi/7.3.1/thumb/v7-m/crtbegin.o
 *(.bss*)
 .bss.ser3_Operation
                0x000000002000002c        0x1 Src/ser3.o
                0x000000002000002c                ser3_Operation
 *fill*         0x000000002000002d        0x1 
 .bss.ser3_u16RecBuf_Head
                0x000000002000002e        0x2 Src/ser3.o
                0x000000002000002e                ser3_u16RecBuf_Head
 .bss.ser3_u16RecBuf_Tail
                0x0000000020000030        0x2 Src/ser3.o
                0x0000000020000030                ser3_u16RecBuf_Tail
 .bss.u8Temp.4617
                0x0000000020000032        0x1 Src/ser3.o
 .bss.u8DLC.4618
                0x0000000020000033        0x1 Src/ser3.o
 .bss.u8Counter.4619
                0x0000000020000034        0x1 Src/ser3.o
 .bss.u8Chk.4620
                0x0000000020000035        0x1 Src/ser3.o
 .bss.u8i.4621  0x0000000020000036        0x1 Src/ser3.o
 *(COMMON)
 *fill*         0x0000000020000037        0x1 
 COMMON         0x0000000020000038        0x4 Drivers/STM32F1xx_HAL_Driver/Src/stm32f1xx_hal.o
                0x0000000020000038                uwTick
 *fill*         0x000000002000003c        0x4 
 COMMON         0x0000000020000040      0x2dc Src/ctl.o
                0x0000000020000040                huart3
                0x0000000020000080                unAnyData
                0x0000000020000088                au8Temp
                0x0000000020000188                hdma_usart3_tx
                0x00000000200001cc                hdma_usart1_tx
                0x0000000020000210                hdma_usart2_tx
                0x0000000020000254                huart1
                0x0000000020000294                htim1
                0x00000000200002d4                u8Temp
                0x00000000200002d8                huart2
                0x0000000020000318                CTL_u32Timeout_Counter
 COMMON         0x000000002000031c       0x40 Src/main.o
                0x000000002000031c                htim4
 COMMON         0x000000002000035c      0xa0b Src/ser1.o
                0x000000002000035c                SER1_au8RecBuf
                0x000000002000075c                ser1_au8SndBuf
                0x000000002000085d                SER1_TransmitFrameLength
                0x0000000020000860                ser1_au8RecBuf
                0x0000000020000964                SER1_au8SndBuf
                0x0000000020000d64                ser1_u8Valid_Data
                0x0000000020000d65                SER1_u8ReceivedPayloadLength
                0x0000000020000d66                SER1_u8SendPollingRunning
 *fill*         0x0000000020000d67        0x1 
 COMMON         0x0000000020000d68      0xa0c Src/ser2.o
                0x0000000020000d68                SER2_au8SndBuf
                0x0000000020001168                SER2_u8SendPollingRunning
                0x000000002000116c                ser2_au8RecBuf
                0x000000002000126d                SER2_TransmitFrameLength
                0x000000002000126e                SER2_u8ReceivedPayloadLength
                0x0000000020001270                ser2_au8SndBuf
                0x0000000020001371                ser2_u8Valid_Data
                0x0000000020001374                SER2_au8RecBuf
 COMMON         0x0000000020001774      0xa12 Src/ser3.o
                0x0000000020001774                ser3_u8Valid_Data
                0x0000000020001778                ser3_au8RecBuf
                0x000000002000187c                SER3_au8SndBuf
                0x0000000020001c7c                SER3_u8SendPollingRunning
                0x0000000020001c80                ser3_au8SndBuf
                0x0000000020001d84                SER3_au8RecBuf
                0x0000000020002184                SER3_u8ReceivedPayloadLength
                0x0000000020002185                SER3_TransmitFrameLength
                0x0000000020002188                . = ALIGN (0x4)
 *fill*         0x0000000020002186        0x2 
                0x0000000020002188                _ebss = .
                0x0000000020002188                __bss_end__ = _ebss

._user_heap_stack
                0x0000000020002188      0x600 load address 0x0000000008003c2c
                0x0000000020002188                . = ALIGN (0x8)
                0x0000000020002188                PROVIDE (end = .)
                [!provide]                        PROVIDE (_end = .)
                0x0000000020002388                . = (. + _Min_Heap_Size)
 *fill*         0x0000000020002188      0x200 
                0x0000000020002788                . = (. + _Min_Stack_Size)
 *fill*         0x0000000020002388      0x400 
                0x0000000020002788                . = ALIGN (0x8)

/DISCARD/
 libc.a(*)
 libm.a(*)
 libgcc.a(*)

.ARM.attributes
                0x0000000000000000       0x29
 *(.ARM.attributes)
 .ARM.attributes
                0x0000000000000000       0x1d c:/st/stm32cubeide_1.0.0/stm32cubeide/plugins/com.st.stm32cube.ide.mcu.externaltools.gnu-tools-for-stm32.7-2018-q2-update.win32_1.0.0.201904181610/tools/bin/../lib/gcc/arm-none-eabi/7.3.1/thumb/v7-m/crti.o
 .ARM.attributes
                0x000000000000001d       0x2d c:/st/stm32cubeide_1.0.0/stm32cubeide/plugins/com.st.stm32cube.ide.mcu.externaltools.gnu-tools-for-stm32.7-2018-q2-update.win32_1.0.0.201904181610/tools/bin/../lib/gcc/arm-none-eabi/7.3.1/thumb/v7-m/crtbegin.o
 .ARM.attributes
                0x000000000000004a       0x33 Drivers/STM32F1xx_HAL_Driver/Src/stm32f1xx_hal.o
 .ARM.attributes
                0x000000000000007d       0x33 Drivers/STM32F1xx_HAL_Driver/Src/stm32f1xx_hal_cortex.o
 .ARM.attributes
                0x00000000000000b0       0x33 Drivers/STM32F1xx_HAL_Driver/Src/stm32f1xx_hal_dma.o
 .ARM.attributes
                0x00000000000000e3       0x33 Drivers/STM32F1xx_HAL_Driver/Src/stm32f1xx_hal_gpio.o
 .ARM.attributes
                0x0000000000000116       0x33 Drivers/STM32F1xx_HAL_Driver/Src/stm32f1xx_hal_rcc.o
 .ARM.attributes
                0x0000000000000149       0x33 Drivers/STM32F1xx_HAL_Driver/Src/stm32f1xx_hal_tim.o
 .ARM.attributes
                0x000000000000017c       0x33 Drivers/STM32F1xx_HAL_Driver/Src/stm32f1xx_hal_tim_ex.o
 .ARM.attributes
                0x00000000000001af       0x33 Drivers/STM32F1xx_HAL_Driver/Src/stm32f1xx_hal_uart.o
 .ARM.attributes
                0x00000000000001e2       0x33 Src/ctl.o
 .ARM.attributes
                0x0000000000000215       0x33 Src/main.o
 .ARM.attributes
                0x0000000000000248       0x33 Src/ser1.o
 .ARM.attributes
                0x000000000000027b       0x33 Src/ser2.o
 .ARM.attributes
                0x00000000000002ae       0x33 Src/ser3.o
 .ARM.attributes
                0x00000000000002e1       0x33 Src/ste1.o
 .ARM.attributes
                0x0000000000000314       0x33 Src/stm32f1xx_hal_msp.o
 .ARM.attributes
                0x0000000000000347       0x33 Src/stm32f1xx_it.o
 .ARM.attributes
                0x000000000000037a       0x33 Src/system_stm32f1xx.o
 .ARM.attributes
                0x00000000000003ad       0x33 Src/tim4.o
 .ARM.attributes
                0x00000000000003e0       0x33 Src/uart3.o
 .ARM.attributes
                0x0000000000000413       0x21 Startup/startup_stm32f103c8tx.o
 .ARM.attributes
                0x0000000000000434       0x2d c:/st/stm32cubeide_1.0.0/stm32cubeide/plugins/com.st.stm32cube.ide.mcu.externaltools.gnu-tools-for-stm32.7-2018-q2-update.win32_1.0.0.201904181610/tools/bin/../lib/gcc/arm-none-eabi/7.3.1/../../../../arm-none-eabi/lib/thumb/v7-m\libc_nano.a(lib_a-init.o)
 .ARM.attributes
                0x0000000000000461       0x2d c:/st/stm32cubeide_1.0.0/stm32cubeide/plugins/com.st.stm32cube.ide.mcu.externaltools.gnu-tools-for-stm32.7-2018-q2-update.win32_1.0.0.201904181610/tools/bin/../lib/gcc/arm-none-eabi/7.3.1/../../../../arm-none-eabi/lib/thumb/v7-m\libc_nano.a(lib_a-memcpy-stub.o)
 .ARM.attributes
                0x000000000000048e       0x2d c:/st/stm32cubeide_1.0.0/stm32cubeide/plugins/com.st.stm32cube.ide.mcu.externaltools.gnu-tools-for-stm32.7-2018-q2-update.win32_1.0.0.201904181610/tools/bin/../lib/gcc/arm-none-eabi/7.3.1/../../../../arm-none-eabi/lib/thumb/v7-m\libc_nano.a(lib_a-memset.o)
 .ARM.attributes
                0x00000000000004bb       0x1d c:/st/stm32cubeide_1.0.0/stm32cubeide/plugins/com.st.stm32cube.ide.mcu.externaltools.gnu-tools-for-stm32.7-2018-q2-update.win32_1.0.0.201904181610/tools/bin/../lib/gcc/arm-none-eabi/7.3.1/thumb/v7-m\libgcc.a(_arm_addsubsf3.o)
 .ARM.attributes
                0x00000000000004d8       0x1d c:/st/stm32cubeide_1.0.0/stm32cubeide/plugins/com.st.stm32cube.ide.mcu.externaltools.gnu-tools-for-stm32.7-2018-q2-update.win32_1.0.0.201904181610/tools/bin/../lib/gcc/arm-none-eabi/7.3.1/thumb/v7-m\libgcc.a(_arm_muldivsf3.o)
 .ARM.attributes
                0x00000000000004f5       0x1d c:/st/stm32cubeide_1.0.0/stm32cubeide/plugins/com.st.stm32cube.ide.mcu.externaltools.gnu-tools-for-stm32.7-2018-q2-update.win32_1.0.0.201904181610/tools/bin/../lib/gcc/arm-none-eabi/7.3.1/thumb/v7-m\libgcc.a(_arm_fixsfsi.o)
 .ARM.attributes
                0x0000000000000512       0x1d c:/st/stm32cubeide_1.0.0/stm32cubeide/plugins/com.st.stm32cube.ide.mcu.externaltools.gnu-tools-for-stm32.7-2018-q2-update.win32_1.0.0.201904181610/tools/bin/../lib/gcc/arm-none-eabi/7.3.1/thumb/v7-m/crtn.o
OUTPUT(TrackVehicleControl.elf elf32-littlearm)

.debug_info     0x0000000000000000    0x15624
 .debug_info    0x0000000000000000      0xefa Drivers/STM32F1xx_HAL_Driver/Src/stm32f1xx_hal.o
 .debug_info    0x0000000000000efa     0x1348 Drivers/STM32F1xx_HAL_Driver/Src/stm32f1xx_hal_cortex.o
 .debug_info    0x0000000000002242      0xfb6 Drivers/STM32F1xx_HAL_Driver/Src/stm32f1xx_hal_dma.o
 .debug_info    0x00000000000031f8      0xead Drivers/STM32F1xx_HAL_Driver/Src/stm32f1xx_hal_gpio.o
 .debug_info    0x00000000000040a5     0x1029 Drivers/STM32F1xx_HAL_Driver/Src/stm32f1xx_hal_rcc.o
 .debug_info    0x00000000000050ce     0x2a15 Drivers/STM32F1xx_HAL_Driver/Src/stm32f1xx_hal_tim.o
 .debug_info    0x0000000000007ae3     0x17c5 Drivers/STM32F1xx_HAL_Driver/Src/stm32f1xx_hal_tim_ex.o
 .debug_info    0x00000000000092a8     0x19e0 Drivers/STM32F1xx_HAL_Driver/Src/stm32f1xx_hal_uart.o
 .debug_info    0x000000000000ac88     0x139c Src/ctl.o
 .debug_info    0x000000000000c024     0x16c2 Src/main.o
 .debug_info    0x000000000000d6e6      0xc29 Src/ser1.o
 .debug_info    0x000000000000e30f      0xc29 Src/ser2.o
 .debug_info    0x000000000000ef38      0xc29 Src/ser3.o
 .debug_info    0x000000000000fb61      0x9bd Src/ste1.o
 .debug_info    0x000000000001051e     0x150a Src/stm32f1xx_hal_msp.o
 .debug_info    0x0000000000011a28     0x115b Src/stm32f1xx_it.o
 .debug_info    0x0000000000012b83      0xc49 Src/system_stm32f1xx.o
 .debug_info    0x00000000000137cc      0xfd7 Src/tim4.o
 .debug_info    0x00000000000147a3      0xe5f Src/uart3.o
 .debug_info    0x0000000000015602       0x22 Startup/startup_stm32f103c8tx.o

.debug_abbrev   0x0000000000000000     0x2e25
 .debug_abbrev  0x0000000000000000      0x2bd Drivers/STM32F1xx_HAL_Driver/Src/stm32f1xx_hal.o
 .debug_abbrev  0x00000000000002bd      0x36d Drivers/STM32F1xx_HAL_Driver/Src/stm32f1xx_hal_cortex.o
 .debug_abbrev  0x000000000000062a      0x26f Drivers/STM32F1xx_HAL_Driver/Src/stm32f1xx_hal_dma.o
 .debug_abbrev  0x0000000000000899      0x251 Drivers/STM32F1xx_HAL_Driver/Src/stm32f1xx_hal_gpio.o
 .debug_abbrev  0x0000000000000aea      0x2eb Drivers/STM32F1xx_HAL_Driver/Src/stm32f1xx_hal_rcc.o
 .debug_abbrev  0x0000000000000dd5      0x2b2 Drivers/STM32F1xx_HAL_Driver/Src/stm32f1xx_hal_tim.o
 .debug_abbrev  0x0000000000001087      0x28f Drivers/STM32F1xx_HAL_Driver/Src/stm32f1xx_hal_tim_ex.o
 .debug_abbrev  0x0000000000001316      0x2b3 Drivers/STM32F1xx_HAL_Driver/Src/stm32f1xx_hal_uart.o
 .debug_abbrev  0x00000000000015c9      0x20a Src/ctl.o
 .debug_abbrev  0x00000000000017d3      0x2d9 Src/main.o
 .debug_abbrev  0x0000000000001aac      0x291 Src/ser1.o
 .debug_abbrev  0x0000000000001d3d      0x291 Src/ser2.o
 .debug_abbrev  0x0000000000001fce      0x291 Src/ser3.o
 .debug_abbrev  0x000000000000225f      0x1bb Src/ste1.o
 .debug_abbrev  0x000000000000241a      0x231 Src/stm32f1xx_hal_msp.o
 .debug_abbrev  0x000000000000264b      0x1e3 Src/stm32f1xx_it.o
 .debug_abbrev  0x000000000000282e      0x1f0 Src/system_stm32f1xx.o
 .debug_abbrev  0x0000000000002a1e      0x203 Src/tim4.o
 .debug_abbrev  0x0000000000002c21      0x1f2 Src/uart3.o
 .debug_abbrev  0x0000000000002e13       0x12 Startup/startup_stm32f103c8tx.o

.debug_aranges  0x0000000000000000      0xd30
 .debug_aranges
                0x0000000000000000       0xd0 Drivers/STM32F1xx_HAL_Driver/Src/stm32f1xx_hal.o
 .debug_aranges
                0x00000000000000d0      0x100 Drivers/STM32F1xx_HAL_Driver/Src/stm32f1xx_hal_cortex.o
 .debug_aranges
                0x00000000000001d0       0x80 Drivers/STM32F1xx_HAL_Driver/Src/stm32f1xx_hal_dma.o
 .debug_aranges
                0x0000000000000250       0x58 Drivers/STM32F1xx_HAL_Driver/Src/stm32f1xx_hal_gpio.o
 .debug_aranges
                0x00000000000002a8       0x90 Drivers/STM32F1xx_HAL_Driver/Src/stm32f1xx_hal_rcc.o
 .debug_aranges
                0x0000000000000338      0x368 Drivers/STM32F1xx_HAL_Driver/Src/stm32f1xx_hal_tim.o
 .debug_aranges
                0x00000000000006a0      0x138 Drivers/STM32F1xx_HAL_Driver/Src/stm32f1xx_hal_tim_ex.o
 .debug_aranges
                0x00000000000007d8      0x1d0 Drivers/STM32F1xx_HAL_Driver/Src/stm32f1xx_hal_uart.o
 .debug_aranges
                0x00000000000009a8       0x28 Src/ctl.o
 .debug_aranges
                0x00000000000009d0       0x70 Src/main.o
 .debug_aranges
                0x0000000000000a40       0x70 Src/ser1.o
 .debug_aranges
                0x0000000000000ab0       0x70 Src/ser2.o
 .debug_aranges
                0x0000000000000b20       0x70 Src/ser3.o
 .debug_aranges
                0x0000000000000b90       0x28 Src/ste1.o
 .debug_aranges
                0x0000000000000bb8       0x40 Src/stm32f1xx_hal_msp.o
 .debug_aranges
                0x0000000000000bf8       0x98 Src/stm32f1xx_it.o
 .debug_aranges
                0x0000000000000c90       0x28 Src/system_stm32f1xx.o
 .debug_aranges
                0x0000000000000cb8       0x28 Src/tim4.o
 .debug_aranges
                0x0000000000000ce0       0x28 Src/uart3.o
 .debug_aranges
                0x0000000000000d08       0x28 Startup/startup_stm32f103c8tx.o

.debug_ranges   0x0000000000000000      0xc10
 .debug_ranges  0x0000000000000000       0xc0 Drivers/STM32F1xx_HAL_Driver/Src/stm32f1xx_hal.o
 .debug_ranges  0x00000000000000c0       0xf0 Drivers/STM32F1xx_HAL_Driver/Src/stm32f1xx_hal_cortex.o
 .debug_ranges  0x00000000000001b0       0x70 Drivers/STM32F1xx_HAL_Driver/Src/stm32f1xx_hal_dma.o
 .debug_ranges  0x0000000000000220       0x48 Drivers/STM32F1xx_HAL_Driver/Src/stm32f1xx_hal_gpio.o
 .debug_ranges  0x0000000000000268       0x80 Drivers/STM32F1xx_HAL_Driver/Src/stm32f1xx_hal_rcc.o
 .debug_ranges  0x00000000000002e8      0x358 Drivers/STM32F1xx_HAL_Driver/Src/stm32f1xx_hal_tim.o
 .debug_ranges  0x0000000000000640      0x128 Drivers/STM32F1xx_HAL_Driver/Src/stm32f1xx_hal_tim_ex.o
 .debug_ranges  0x0000000000000768      0x1c0 Drivers/STM32F1xx_HAL_Driver/Src/stm32f1xx_hal_uart.o
 .debug_ranges  0x0000000000000928       0x30 Src/ctl.o
 .debug_ranges  0x0000000000000958       0x60 Src/main.o
 .debug_ranges  0x00000000000009b8       0x60 Src/ser1.o
 .debug_ranges  0x0000000000000a18       0x60 Src/ser2.o
 .debug_ranges  0x0000000000000a78       0x60 Src/ser3.o
 .debug_ranges  0x0000000000000ad8       0x18 Src/ste1.o
 .debug_ranges  0x0000000000000af0       0x30 Src/stm32f1xx_hal_msp.o
 .debug_ranges  0x0000000000000b20       0x88 Src/stm32f1xx_it.o
 .debug_ranges  0x0000000000000ba8       0x18 Src/system_stm32f1xx.o
 .debug_ranges  0x0000000000000bc0       0x18 Src/tim4.o
 .debug_ranges  0x0000000000000bd8       0x18 Src/uart3.o
 .debug_ranges  0x0000000000000bf0       0x20 Startup/startup_stm32f103c8tx.o

.debug_macro    0x0000000000000000    0x16971
 .debug_macro   0x0000000000000000      0x308 Drivers/STM32F1xx_HAL_Driver/Src/stm32f1xx_hal.o
 .debug_macro   0x0000000000000308      0xa5a Drivers/STM32F1xx_HAL_Driver/Src/stm32f1xx_hal.o
 .debug_macro   0x0000000000000d62      0x175 Drivers/STM32F1xx_HAL_Driver/Src/stm32f1xx_hal.o
 .debug_macro   0x0000000000000ed7       0x2e Drivers/STM32F1xx_HAL_Driver/Src/stm32f1xx_hal.o
 .debug_macro   0x0000000000000f05       0x22 Drivers/STM32F1xx_HAL_Driver/Src/stm32f1xx_hal.o
 .debug_macro   0x0000000000000f27       0x22 Drivers/STM32F1xx_HAL_Driver/Src/stm32f1xx_hal.o
 .debug_macro   0x0000000000000f49       0x8e Drivers/STM32F1xx_HAL_Driver/Src/stm32f1xx_hal.o
 .debug_macro   0x0000000000000fd7       0x51 Drivers/STM32F1xx_HAL_Driver/Src/stm32f1xx_hal.o
 .debug_macro   0x0000000000001028       0xef Drivers/STM32F1xx_HAL_Driver/Src/stm32f1xx_hal.o
 .debug_macro   0x0000000000001117       0x6a Drivers/STM32F1xx_HAL_Driver/Src/stm32f1xx_hal.o
 .debug_macro   0x0000000000001181      0x1df Drivers/STM32F1xx_HAL_Driver/Src/stm32f1xx_hal.o
 .debug_macro   0x0000000000001360       0x34 Drivers/STM32F1xx_HAL_Driver/Src/stm32f1xx_hal.o
 .debug_macro   0x0000000000001394       0x34 Drivers/STM32F1xx_HAL_Driver/Src/stm32f1xx_hal.o
 .debug_macro   0x00000000000013c8      0xb8e Drivers/STM32F1xx_HAL_Driver/Src/stm32f1xx_hal.o
 .debug_macro   0x0000000000001f56     0xe911 Drivers/STM32F1xx_HAL_Driver/Src/stm32f1xx_hal.o
 .debug_macro   0x0000000000010867       0x43 Drivers/STM32F1xx_HAL_Driver/Src/stm32f1xx_hal.o
 .debug_macro   0x00000000000108aa       0x46 Drivers/STM32F1xx_HAL_Driver/Src/stm32f1xx_hal.o
 .debug_macro   0x00000000000108f0       0x18 Drivers/STM32F1xx_HAL_Driver/Src/stm32f1xx_hal.o
 .debug_macro   0x0000000000010908       0x3c Drivers/STM32F1xx_HAL_Driver/Src/stm32f1xx_hal.o
 .debug_macro   0x0000000000010944       0x34 Drivers/STM32F1xx_HAL_Driver/Src/stm32f1xx_hal.o
 .debug_macro   0x0000000000010978       0x16 Drivers/STM32F1xx_HAL_Driver/Src/stm32f1xx_hal.o
 .debug_macro   0x000000000001098e       0x97 Drivers/STM32F1xx_HAL_Driver/Src/stm32f1xx_hal.o
 .debug_macro   0x0000000000010a25      0x330 Drivers/STM32F1xx_HAL_Driver/Src/stm32f1xx_hal.o
 .debug_macro   0x0000000000010d55       0xfd Drivers/STM32F1xx_HAL_Driver/Src/stm32f1xx_hal.o
 .debug_macro   0x0000000000010e52       0x10 Drivers/STM32F1xx_HAL_Driver/Src/stm32f1xx_hal.o
 .debug_macro   0x0000000000010e62       0x52 Drivers/STM32F1xx_HAL_Driver/Src/stm32f1xx_hal.o
 .debug_macro   0x0000000000010eb4       0x1f Drivers/STM32F1xx_HAL_Driver/Src/stm32f1xx_hal.o
 .debug_macro   0x0000000000010ed3       0x43 Drivers/STM32F1xx_HAL_Driver/Src/stm32f1xx_hal.o
 .debug_macro   0x0000000000010f16       0x20 Drivers/STM32F1xx_HAL_Driver/Src/stm32f1xx_hal.o
 .debug_macro   0x0000000000010f36      0x1a3 Drivers/STM32F1xx_HAL_Driver/Src/stm32f1xx_hal.o
 .debug_macro   0x00000000000110d9       0x10 Drivers/STM32F1xx_HAL_Driver/Src/stm32f1xx_hal.o
 .debug_macro   0x00000000000110e9       0x1c Drivers/STM32F1xx_HAL_Driver/Src/stm32f1xx_hal.o
 .debug_macro   0x0000000000011105       0x52 Drivers/STM32F1xx_HAL_Driver/Src/stm32f1xx_hal.o
 .debug_macro   0x0000000000011157       0x40 Drivers/STM32F1xx_HAL_Driver/Src/stm32f1xx_hal.o
 .debug_macro   0x0000000000011197       0x10 Drivers/STM32F1xx_HAL_Driver/Src/stm32f1xx_hal.o
 .debug_macro   0x00000000000111a7       0x40 Drivers/STM32F1xx_HAL_Driver/Src/stm32f1xx_hal.o
 .debug_macro   0x00000000000111e7       0xd7 Drivers/STM32F1xx_HAL_Driver/Src/stm32f1xx_hal.o
 .debug_macro   0x00000000000112be       0x1c Drivers/STM32F1xx_HAL_Driver/Src/stm32f1xx_hal.o
 .debug_macro   0x00000000000112da       0x3d Drivers/STM32F1xx_HAL_Driver/Src/stm32f1xx_hal.o
 .debug_macro   0x0000000000011317       0x16 Drivers/STM32F1xx_HAL_Driver/Src/stm32f1xx_hal.o
 .debug_macro   0x000000000001132d      0x145 Drivers/STM32F1xx_HAL_Driver/Src/stm32f1xx_hal.o
 .debug_macro   0x0000000000011472       0x57 Drivers/STM32F1xx_HAL_Driver/Src/stm32f1xx_hal.o
 .debug_macro   0x00000000000114c9      0x5c2 Drivers/STM32F1xx_HAL_Driver/Src/stm32f1xx_hal.o
 .debug_macro   0x0000000000011a8b      0x28a Drivers/STM32F1xx_HAL_Driver/Src/stm32f1xx_hal.o
 .debug_macro   0x0000000000011d15      0x1cb Drivers/STM32F1xx_HAL_Driver/Src/stm32f1xx_hal.o
 .debug_macro   0x0000000000011ee0      0x11e Drivers/STM32F1xx_HAL_Driver/Src/stm32f1xx_hal.o
 .debug_macro   0x0000000000011ffe      0x1b3 Drivers/STM32F1xx_HAL_Driver/Src/stm32f1xx_hal.o
 .debug_macro   0x00000000000121b1       0x27 Drivers/STM32F1xx_HAL_Driver/Src/stm32f1xx_hal.o
 .debug_macro   0x00000000000121d8      0x1bc Drivers/STM32F1xx_HAL_Driver/Src/stm32f1xx_hal.o
 .debug_macro   0x0000000000012394       0x34 Drivers/STM32F1xx_HAL_Driver/Src/stm32f1xx_hal.o
 .debug_macro   0x00000000000123c8       0x3c Drivers/STM32F1xx_HAL_Driver/Src/stm32f1xx_hal.o
 .debug_macro   0x0000000000012404       0x57 Drivers/STM32F1xx_HAL_Driver/Src/stm32f1xx_hal.o
 .debug_macro   0x000000000001245b       0x8c Drivers/STM32F1xx_HAL_Driver/Src/stm32f1xx_hal.o
 .debug_macro   0x00000000000124e7      0x242 Drivers/STM32F1xx_HAL_Driver/Src/stm32f1xx_hal.o
 .debug_macro   0x0000000000012729      0x143 Drivers/STM32F1xx_HAL_Driver/Src/stm32f1xx_hal.o
 .debug_macro   0x000000000001286c      0x853 Drivers/STM32F1xx_HAL_Driver/Src/stm32f1xx_hal.o
 .debug_macro   0x00000000000130bf       0x1f Drivers/STM32F1xx_HAL_Driver/Src/stm32f1xx_hal.o
 .debug_macro   0x00000000000130de      0x26b Drivers/STM32F1xx_HAL_Driver/Src/stm32f1xx_hal.o
 .debug_macro   0x0000000000013349       0x83 Drivers/STM32F1xx_HAL_Driver/Src/stm32f1xx_hal.o
 .debug_macro   0x00000000000133cc      0x2e4 Drivers/STM32F1xx_HAL_Driver/Src/stm32f1xx_hal_cortex.o
 .debug_macro   0x00000000000136b0      0x2e4 Drivers/STM32F1xx_HAL_Driver/Src/stm32f1xx_hal_dma.o
 .debug_macro   0x0000000000013994      0x354 Drivers/STM32F1xx_HAL_Driver/Src/stm32f1xx_hal_gpio.o
 .debug_macro   0x0000000000013ce8      0x2f6 Drivers/STM32F1xx_HAL_Driver/Src/stm32f1xx_hal_rcc.o
 .debug_macro   0x0000000000013fde      0x2e4 Drivers/STM32F1xx_HAL_Driver/Src/stm32f1xx_hal_tim.o
 .debug_macro   0x00000000000142c2      0x2e4 Drivers/STM32F1xx_HAL_Driver/Src/stm32f1xx_hal_tim_ex.o
 .debug_macro   0x00000000000145a6      0x2e5 Drivers/STM32F1xx_HAL_Driver/Src/stm32f1xx_hal_uart.o
 .debug_macro   0x000000000001488b      0x430 Src/ctl.o
 .debug_macro   0x0000000000014cbb       0x3a Src/ctl.o
 .debug_macro   0x0000000000014cf5       0x3a Src/ctl.o
 .debug_macro   0x0000000000014d2f       0x3a Src/ctl.o
 .debug_macro   0x0000000000014d69       0x3a Src/ctl.o
 .debug_macro   0x0000000000014da3       0x16 Src/ctl.o
 .debug_macro   0x0000000000014db9       0x35 Src/ctl.o
 .debug_macro   0x0000000000014dee       0x20 Src/ctl.o
 .debug_macro   0x0000000000014e0e      0x358 Src/main.o
 .debug_macro   0x0000000000015166      0x114 Src/ser1.o
 .debug_macro   0x000000000001527a       0x40 Src/ser1.o
 .debug_macro   0x00000000000152ba       0x94 Src/ser1.o
 .debug_macro   0x000000000001534e      0x174 Src/ser1.o
 .debug_macro   0x00000000000154c2       0x57 Src/ser1.o
 .debug_macro   0x0000000000015519       0x10 Src/ser1.o
 .debug_macro   0x0000000000015529      0x114 Src/ser2.o
 .debug_macro   0x000000000001563d      0x114 Src/ser3.o
 .debug_macro   0x0000000000015751      0x137 Src/ste1.o
 .debug_macro   0x0000000000015888       0x16 Src/ste1.o
 .debug_macro   0x000000000001589e      0x10e Src/ste1.o
 .debug_macro   0x00000000000159ac       0x8d Src/ste1.o
 .debug_macro   0x0000000000015a39       0x16 Src/ste1.o
 .debug_macro   0x0000000000015a4f       0x29 Src/ste1.o
 .debug_macro   0x0000000000015a78      0x2ee Src/stm32f1xx_hal_msp.o
 .debug_macro   0x0000000000015d66      0x2f8 Src/stm32f1xx_it.o
 .debug_macro   0x000000000001605e      0x2ea Src/system_stm32f1xx.o
 .debug_macro   0x0000000000016348      0x315 Src/tim4.o
 .debug_macro   0x000000000001665d      0x314 Src/uart3.o

.debug_line     0x0000000000000000     0xbdba
 .debug_line    0x0000000000000000      0x9a0 Drivers/STM32F1xx_HAL_Driver/Src/stm32f1xx_hal.o
 .debug_line    0x00000000000009a0      0xa8e Drivers/STM32F1xx_HAL_Driver/Src/stm32f1xx_hal_cortex.o
 .debug_line    0x000000000000142e      0xc26 Drivers/STM32F1xx_HAL_Driver/Src/stm32f1xx_hal_dma.o
 .debug_line    0x0000000000002054      0x9d8 Drivers/STM32F1xx_HAL_Driver/Src/stm32f1xx_hal_gpio.o
 .debug_line    0x0000000000002a2c      0xa8a Drivers/STM32F1xx_HAL_Driver/Src/stm32f1xx_hal_rcc.o
 .debug_line    0x00000000000034b6     0x176a Drivers/STM32F1xx_HAL_Driver/Src/stm32f1xx_hal_tim.o
 .debug_line    0x0000000000004c20      0xd5d Drivers/STM32F1xx_HAL_Driver/Src/stm32f1xx_hal_tim_ex.o
 .debug_line    0x000000000000597d     0x10b1 Drivers/STM32F1xx_HAL_Driver/Src/stm32f1xx_hal_uart.o
 .debug_line    0x0000000000006a2e      0x8f4 Src/ctl.o
 .debug_line    0x0000000000007322      0x94c Src/main.o
 .debug_line    0x0000000000007c6e      0x604 Src/ser1.o
 .debug_line    0x0000000000008272      0x604 Src/ser2.o
 .debug_line    0x0000000000008876      0x604 Src/ser3.o
 .debug_line    0x0000000000008e7a      0x4f9 Src/ste1.o
 .debug_line    0x0000000000009373      0x89e Src/stm32f1xx_hal_msp.o
 .debug_line    0x0000000000009c11      0x907 Src/stm32f1xx_it.o
 .debug_line    0x000000000000a518      0x816 Src/system_stm32f1xx.o
 .debug_line    0x000000000000ad2e      0x805 Src/tim4.o
 .debug_line    0x000000000000b533      0x808 Src/uart3.o
 .debug_line    0x000000000000bd3b       0x7f Startup/startup_stm32f103c8tx.o

.debug_str      0x0000000000000000    0x72c84
 .debug_str     0x0000000000000000    0x6f191 Drivers/STM32F1xx_HAL_Driver/Src/stm32f1xx_hal.o
                                      0x6f53d (size before relaxing)
 .debug_str     0x000000000006f191      0x326 Drivers/STM32F1xx_HAL_Driver/Src/stm32f1xx_hal_cortex.o
                                      0x6f551 (size before relaxing)
 .debug_str     0x000000000006f4b7      0x3f0 Drivers/STM32F1xx_HAL_Driver/Src/stm32f1xx_hal_dma.o
                                      0x6f2a9 (size before relaxing)
 .debug_str     0x000000000006f8a7      0x3a5 Drivers/STM32F1xx_HAL_Driver/Src/stm32f1xx_hal_gpio.o
                                      0x6f298 (size before relaxing)
 .debug_str     0x000000000006fc4c      0x368 Drivers/STM32F1xx_HAL_Driver/Src/stm32f1xx_hal_rcc.o
                                      0x6f2c6 (size before relaxing)
 .debug_str     0x000000000006ffb4      0xebf Drivers/STM32F1xx_HAL_Driver/Src/stm32f1xx_hal_tim.o
                                      0x6ff98 (size before relaxing)
 .debug_str     0x0000000000070e73      0x527 Drivers/STM32F1xx_HAL_Driver/Src/stm32f1xx_hal_tim_ex.o
                                      0x6f835 (size before relaxing)
 .debug_str     0x000000000007139a      0x6be Drivers/STM32F1xx_HAL_Driver/Src/stm32f1xx_hal_uart.o
                                      0x6f7a0 (size before relaxing)
 .debug_str     0x0000000000071a58      0x86d Src/ctl.o
                                      0x6fbe4 (size before relaxing)
 .debug_str     0x00000000000722c5       0x9c Src/main.o
                                      0x6fdea (size before relaxing)
 .debug_str     0x0000000000072361      0x1de Src/ser1.o
                                       0x66fb (size before relaxing)
 .debug_str     0x000000000007253f      0x15f Src/ser2.o
                                       0x66fb (size before relaxing)
 .debug_str     0x000000000007269e      0x15f Src/ser3.o
                                       0x66fb (size before relaxing)
 .debug_str     0x00000000000727fd      0x1fe Src/ste1.o
                                       0x660f (size before relaxing)
 .debug_str     0x00000000000729fb       0x35 Src/stm32f1xx_hal_msp.o
                                      0x6f808 (size before relaxing)
 .debug_str     0x0000000000072a30      0x149 Src/stm32f1xx_it.o
                                      0x6f533 (size before relaxing)
 .debug_str     0x0000000000072b79       0x69 Src/system_stm32f1xx.o
                                      0x6ef43 (size before relaxing)
 .debug_str     0x0000000000072be2       0x3a Src/tim4.o
                                      0x6f5cf (size before relaxing)
 .debug_str     0x0000000000072c1c       0x37 Src/uart3.o
                                      0x6f3b6 (size before relaxing)
 .debug_str     0x0000000000072c53       0x31 Startup/startup_stm32f103c8tx.o
                                         0x7a (size before relaxing)

.comment        0x0000000000000000       0x7b
 .comment       0x0000000000000000       0x7b Drivers/STM32F1xx_HAL_Driver/Src/stm32f1xx_hal.o
                                         0x7c (size before relaxing)
 .comment       0x000000000000007b       0x7c Drivers/STM32F1xx_HAL_Driver/Src/stm32f1xx_hal_cortex.o
 .comment       0x000000000000007b       0x7c Drivers/STM32F1xx_HAL_Driver/Src/stm32f1xx_hal_dma.o
 .comment       0x000000000000007b       0x7c Drivers/STM32F1xx_HAL_Driver/Src/stm32f1xx_hal_gpio.o
 .comment       0x000000000000007b       0x7c Drivers/STM32F1xx_HAL_Driver/Src/stm32f1xx_hal_rcc.o
 .comment       0x000000000000007b       0x7c Drivers/STM32F1xx_HAL_Driver/Src/stm32f1xx_hal_tim.o
 .comment       0x000000000000007b       0x7c Drivers/STM32F1xx_HAL_Driver/Src/stm32f1xx_hal_tim_ex.o
 .comment       0x000000000000007b       0x7c Drivers/STM32F1xx_HAL_Driver/Src/stm32f1xx_hal_uart.o
 .comment       0x000000000000007b       0x7c Src/ctl.o
 .comment       0x000000000000007b       0x7c Src/main.o
 .comment       0x000000000000007b       0x7c Src/ser1.o
 .comment       0x000000000000007b       0x7c Src/ser2.o
 .comment       0x000000000000007b       0x7c Src/ser3.o
 .comment       0x000000000000007b       0x7c Src/ste1.o
 .comment       0x000000000000007b       0x7c Src/stm32f1xx_hal_msp.o
 .comment       0x000000000000007b       0x7c Src/stm32f1xx_it.o
 .comment       0x000000000000007b       0x7c Src/system_stm32f1xx.o
 .comment       0x000000000000007b       0x7c Src/tim4.o
 .comment       0x000000000000007b       0x7c Src/uart3.o

.debug_frame    0x0000000000000000     0x35a8
 .debug_frame   0x0000000000000000      0x2fc Drivers/STM32F1xx_HAL_Driver/Src/stm32f1xx_hal.o
 .debug_frame   0x00000000000002fc      0x428 Drivers/STM32F1xx_HAL_Driver/Src/stm32f1xx_hal_cortex.o
 .debug_frame   0x0000000000000724      0x208 Drivers/STM32F1xx_HAL_Driver/Src/stm32f1xx_hal_dma.o
 .debug_frame   0x000000000000092c      0x14c Drivers/STM32F1xx_HAL_Driver/Src/stm32f1xx_hal_gpio.o
 .debug_frame   0x0000000000000a78      0x21c Drivers/STM32F1xx_HAL_Driver/Src/stm32f1xx_hal_rcc.o
 .debug_frame   0x0000000000000c94      0xfb4 Drivers/STM32F1xx_HAL_Driver/Src/stm32f1xx_hal_tim.o
 .debug_frame   0x0000000000001c48      0x54c Drivers/STM32F1xx_HAL_Driver/Src/stm32f1xx_hal_tim_ex.o
 .debug_frame   0x0000000000002194      0x83c Drivers/STM32F1xx_HAL_Driver/Src/stm32f1xx_hal_uart.o
 .debug_frame   0x00000000000029d0       0x50 Src/ctl.o
 .debug_frame   0x0000000000002a20      0x17c Src/main.o
 .debug_frame   0x0000000000002b9c      0x1ac Src/ser1.o
 .debug_frame   0x0000000000002d48      0x1ac Src/ser2.o
 .debug_frame   0x0000000000002ef4      0x1ac Src/ser3.o
 .debug_frame   0x00000000000030a0       0x54 Src/ste1.o
 .debug_frame   0x00000000000030f4       0xcc Src/stm32f1xx_hal_msp.o
 .debug_frame   0x00000000000031c0      0x1d0 Src/stm32f1xx_it.o
 .debug_frame   0x0000000000003390       0x58 Src/system_stm32f1xx.o
 .debug_frame   0x00000000000033e8       0x54 Src/tim4.o
 .debug_frame   0x000000000000343c       0x50 Src/uart3.o
 .debug_frame   0x000000000000348c       0x2c c:/st/stm32cubeide_1.0.0/stm32cubeide/plugins/com.st.stm32cube.ide.mcu.externaltools.gnu-tools-for-stm32.7-2018-q2-update.win32_1.0.0.201904181610/tools/bin/../lib/gcc/arm-none-eabi/7.3.1/../../../../arm-none-eabi/lib/thumb/v7-m\libc_nano.a(lib_a-init.o)
 .debug_frame   0x00000000000034b8       0x28 c:/st/stm32cubeide_1.0.0/stm32cubeide/plugins/com.st.stm32cube.ide.mcu.externaltools.gnu-tools-for-stm32.7-2018-q2-update.win32_1.0.0.201904181610/tools/bin/../lib/gcc/arm-none-eabi/7.3.1/../../../../arm-none-eabi/lib/thumb/v7-m\libc_nano.a(lib_a-memcpy-stub.o)
 .debug_frame   0x00000000000034e0       0x20 c:/st/stm32cubeide_1.0.0/stm32cubeide/plugins/com.st.stm32cube.ide.mcu.externaltools.gnu-tools-for-stm32.7-2018-q2-update.win32_1.0.0.201904181610/tools/bin/../lib/gcc/arm-none-eabi/7.3.1/../../../../arm-none-eabi/lib/thumb/v7-m\libc_nano.a(lib_a-memset.o)
 .debug_frame   0x0000000000003500       0x4c c:/st/stm32cubeide_1.0.0/stm32cubeide/plugins/com.st.stm32cube.ide.mcu.externaltools.gnu-tools-for-stm32.7-2018-q2-update.win32_1.0.0.201904181610/tools/bin/../lib/gcc/arm-none-eabi/7.3.1/thumb/v7-m\libgcc.a(_arm_addsubsf3.o)
 .debug_frame   0x000000000000354c       0x38 c:/st/stm32cubeide_1.0.0/stm32cubeide/plugins/com.st.stm32cube.ide.mcu.externaltools.gnu-tools-for-stm32.7-2018-q2-update.win32_1.0.0.201904181610/tools/bin/../lib/gcc/arm-none-eabi/7.3.1/thumb/v7-m\libgcc.a(_arm_muldivsf3.o)
 .debug_frame   0x0000000000003584       0x24 c:/st/stm32cubeide_1.0.0/stm32cubeide/plugins/com.st.stm32cube.ide.mcu.externaltools.gnu-tools-for-stm32.7-2018-q2-update.win32_1.0.0.201904181610/tools/bin/../lib/gcc/arm-none-eabi/7.3.1/thumb/v7-m\libgcc.a(_arm_fixsfsi.o)
